
> starter_helpi@0.1.0 test
> react-scripts test --coverage

FAIL src/App.test.tsx
  ✕ renders learn react link (30 ms)

  ● renders learn react link

    TestingLibraryElementError: Unable to find an element with the text: /learn react/i. This could be because the text is broken up by multiple elements. In this case, you can provide a function for your text matcher to make your matcher more flexible.

    Ignored nodes: comments, script, style
    [36m<body>[39m
      [36m<div>[39m
        [36m<div[39m
          [33mclass[39m=[32m"App"[39m
        [36m>[39m
          [36m<header[39m
            [33mclass[39m=[32m"App-header"[39m
          [36m>[39m
            [36m<form[39m
              [33mclass[39m=[32m""[39m
            [36m>[39m
              [36m<div>[39m
                [36m<label[39m
                  [33mclass[39m=[32m"form-label"[39m
                  [33mfor[39m=[32m"formApiKey"[39m
                [36m>[39m
                  [0mAPI Key:[0m
                [36m</label>[39m
                [36m<input[39m
                  [33mclass[39m=[32m"form-control"[39m
                  [33mid[39m=[32m"formApiKey"[39m
                  [33mplaceholder[39m=[32m"Insert API Key Here"[39m
                  [33mtype[39m=[32m"password"[39m
                  [33mvalue[39m=[32m""[39m
                [36m/>[39m
              [36m</div>[39m
              [36m<button[39m
                [33mclass[39m=[32m"mt-3 btn btn-primary"[39m
                [33mtype[39m=[32m"submit"[39m
              [36m>[39m
                [0mSubmit[0m
              [36m</button>[39m
            [36m</form>[39m
          [36m</header>[39m
        [36m</div>[39m
      [36m</div>[39m
    [36m</body>[39m

       5 | test('renders learn react link', () => {
       6 |   render(<App />);
    >  7 |   const linkElement = screen.getByText(/learn react/i);
         |                              ^
       8 |   expect(linkElement).toBeInTheDocument();
       9 | });
      10 |

      at Object.getElementError (node_modules/@testing-library/react/node_modules/@testing-library/dom/dist/config.js:37:19)
      at node_modules/@testing-library/react/node_modules/@testing-library/dom/dist/query-helpers.js:76:38
      at node_modules/@testing-library/react/node_modules/@testing-library/dom/dist/query-helpers.js:52:17
      at getByText (node_modules/@testing-library/react/node_modules/@testing-library/dom/dist/query-helpers.js:95:19)
      at Object.<anonymous> (src/App.test.tsx:7:30)
      at TestScheduler.scheduleTests (node_modules/@jest/core/build/TestScheduler.js:333:13)
      at runJest (node_modules/@jest/core/build/runJest.js:404:19)
      at _run10000 (node_modules/@jest/core/build/cli/index.js:320:7)
      at runCLI (node_modules/@jest/core/build/cli/index.js:173:3)

--------------------|---------|----------|---------|---------|----------------------
File                | % Stmts | % Branch | % Funcs | % Lines | Uncovered Line #s    
--------------------|---------|----------|---------|---------|----------------------
All files           |    9.32 |      8.1 |    2.59 |    9.78 |                      
 App.tsx            |   34.88 |    27.27 |   33.33 |   34.88 | 22-41,45,49-59,66-71 
 Basic.tsx          |       0 |        0 |       0 |       0 | 7-627                
 BasicInt.ts        |       0 |        0 |       0 |       0 |                      
 Detailed.tsx       |       4 |        0 |       0 |    4.54 | 31-173               
 DetailedInt.ts     |       0 |        0 |       0 |       0 |                      
 Home.tsx           |       0 |      100 |       0 |       0 | 5-17                 
 HomeInt.ts         |       0 |        0 |       0 |       0 |                      
 Result.tsx         |   33.33 |        0 |       0 |   33.33 | 7-32                 
 ResultInt.ts       |       0 |        0 |       0 |       0 |                      
 Switch.tsx         |       0 |        0 |       0 |       0 | 5-16                 
 index.tsx          |       0 |      100 |     100 |       0 | 8-24                 
 reportWebVitals.ts |       0 |        0 |       0 |       0 | 3-10                 
 switchpage.ts      |       0 |        0 |       0 |       0 |                      
--------------------|---------|----------|---------|---------|----------------------
Test Suites: 1 failed, 1 total
Tests:       1 failed, 1 total
Snapshots:   0 total
Time:        3.636 s
Ran all test suites.
